// Vitest Snapshot v1

exports[`matches snapshot 1`] = `
<DocumentFragment>
  <div
    class="MuiTableContainer-root Board css-rorn0c-MuiTableContainer-root"
  >
    <table
      class="MuiTable-root table-board css-rqglhn-MuiTable-root"
      data-testid="table-board"
    >
      <tbody
        class="MuiTableBody-root css-apqrd9-MuiTableBody-root"
      >
        <tr
          class="MuiTableRow-root css-1q1u3t4-MuiTableRow-root"
        >
          <td
            class="MuiTableCell-root MuiTableCell-body MuiTableCell-sizeMedium Cell Cell-lit css-1bofoj3-MuiTableCell-root"
            data-testid="cell"
          />
          <td
            class="MuiTableCell-root MuiTableCell-body MuiTableCell-sizeMedium Cell Cell-lit css-1bofoj3-MuiTableCell-root"
            data-testid="cell"
          />
          <td
            class="MuiTableCell-root MuiTableCell-body MuiTableCell-sizeMedium Cell Cell-lit css-1bofoj3-MuiTableCell-root"
            data-testid="cell"
          />
        </tr>
        <tr
          class="MuiTableRow-root css-1q1u3t4-MuiTableRow-root"
        >
          <td
            class="MuiTableCell-root MuiTableCell-body MuiTableCell-sizeMedium Cell Cell-lit css-1bofoj3-MuiTableCell-root"
            data-testid="cell"
          />
          <td
            class="MuiTableCell-root MuiTableCell-body MuiTableCell-sizeMedium Cell Cell-lit css-1bofoj3-MuiTableCell-root"
            data-testid="cell"
          />
          <td
            class="MuiTableCell-root MuiTableCell-body MuiTableCell-sizeMedium Cell Cell-lit css-1bofoj3-MuiTableCell-root"
            data-testid="cell"
          />
        </tr>
        <tr
          class="MuiTableRow-root css-1q1u3t4-MuiTableRow-root"
        >
          <td
            class="MuiTableCell-root MuiTableCell-body MuiTableCell-sizeMedium Cell Cell-lit css-1bofoj3-MuiTableCell-root"
            data-testid="cell"
          />
          <td
            class="MuiTableCell-root MuiTableCell-body MuiTableCell-sizeMedium Cell Cell-lit css-1bofoj3-MuiTableCell-root"
            data-testid="cell"
          />
          <td
            class="MuiTableCell-root MuiTableCell-body MuiTableCell-sizeMedium Cell Cell-lit css-1bofoj3-MuiTableCell-root"
            data-testid="cell"
          />
        </tr>
      </tbody>
    </table>
  </div>
</DocumentFragment>
`;
